I0923 08:19:26.852902  177947 loader.go:407] Config loaded from file:  /home/jwagner/.kube/config
I0923 08:19:26.853125  177947 envvar.go:195] "Feature gate default state" feature="ClientsAllowCARotation" enabled=true
I0923 08:19:26.853137  177947 envvar.go:195] "Feature gate default state" feature="InOrderInformers" enabled=true
I0923 08:19:26.853142  177947 envvar.go:195] "Feature gate default state" feature="ClientsPreferCBOR" enabled=false
I0923 08:19:26.853146  177947 envvar.go:195] "Feature gate default state" feature="ClientsAllowTLSCacheGC" enabled=true
I0923 08:19:26.853150  177947 envvar.go:195] "Feature gate default state" feature="InformerResourceVersion" enabled=true
I0923 08:19:26.853154  177947 envvar.go:195] "Feature gate default state" feature="WatchListClient" enabled=true
I0923 08:19:26.853158  177947 envvar.go:195] "Feature gate default state" feature="InOrderInformersBatchProcess" enabled=true
I0923 08:19:26.853162  177947 envvar.go:195] "Feature gate default state" feature="UnlockWhileProcessingFIFO" enabled=true
I0923 08:19:26.853166  177947 envvar.go:195] "Feature gate default state" feature="ClientsAllowCBOR" enabled=false
I0923 08:19:26.853170  177947 envvar.go:195] "Feature gate default state" feature="AtomicFIFO" enabled=true
I0923 08:19:26.856714  177947 round_trippers.go:527] "Request" verb="GET" url="https://127.0.0.1:42285/api/v1/namespaces/exec-repro/pods/payload" headers=<
	Accept: application/json, */*
	User-Agent: kubectl/v1.36.4 (linux/amd64) kubernetes/bb826b1
 >
I0923 08:19:26.862564  177947 round_trippers.go:632] "Response" status="200 OK" milliseconds=5
I0923 08:19:26.864317  177947 podcmd.go:84] Using the first container in a pod: payload
I0923 08:19:26.864780  177947 round_trippers.go:527] "Request" verb="GET" url="https://127.0.0.1:42285/api/v1/namespaces/exec-repro/pods/payload/exec?command=sh&command=-c&command=dd+if%3D%2Fdev%2Fzero+bs%3D1048576+count%3D32+2%3E%2Fdev%2Fnull+%7C+tr+%27%5C0%27+%27x%27&container=payload&stderr=true&stdout=true" headers=<
	Sec-Websocket-Protocol: v5.channel.k8s.io
	User-Agent: kubectl/v1.36.4 (linux/amd64) kubernetes/bb826b1
 >
I0923 08:19:26.876771  177947 round_trippers.go:632] "Response" status="101 Switching Protocols" milliseconds=11
I0923 08:19:26.876822  177947 websocket.go:134] "Subprotocol negotiated" protocol="v5.channel.k8s.io"
I0923 08:19:26.876933  177947 websocket.go:269] "Websocket read starts" deadline="1m1s"
I0923 08:19:31.877276  177947 websocket.go:519] "Websocket Ping succeeeded"
I0923 08:19:36.877057  177947 websocket.go:519] "Websocket Ping succeeeded"
I0923 08:19:41.877540  177947 websocket.go:519] "Websocket Ping succeeeded"
I0923 08:19:42.220262  177947 websocket.go:477] "Pong message received -- resetting read deadline" message=""
I0923 08:19:46.877875  177947 websocket.go:519] "Websocket Ping succeeeded"
I0923 08:19:47.338711  177947 websocket.go:477] "Pong message received -- resetting read deadline" message=""
I0923 08:19:51.427775  177947 websocket.go:477] "Pong message received -- resetting read deadline" message=""
I0923 08:19:51.877832  177947 websocket.go:519] "Websocket Ping succeeeded"
I0923 08:19:56.877639  177947 websocket.go:519] "Websocket Ping succeeeded"
I0923 08:19:57.555329  177947 websocket.go:477] "Pong message received -- resetting read deadline" message=""
I0923 08:19:57.557096  177947 websocket.go:512] "Closed channel -- returning"

--- harness note ---
transport=ws expected=33554432 got=32377856 lost=1176576 attempt=1
